------------------------------------------------------------
TimeQuest Timing Analyzer Summary
------------------------------------------------------------

Type  : Slow Model Setup 'PLL|altpll_component|pll|clk[0]'
Slack : -2.678
TNS   : -80.688

Type  : Slow Model Setup 'clk_system'
Slack : -2.636
TNS   : -78.547

Type  : Slow Model Setup 'clk_25'
Slack : -1.982
TNS   : -267.279

Type  : Slow Model Setup 'dds_ram_wrclock'
Slack : -1.915
TNS   : -140.808

Type  : Slow Model Setup 'bus_in_step_to_next_value'
Slack : -1.044
TNS   : -6.260

Type  : Slow Model Hold 'clk_25'
Slack : -2.192
TNS   : -2.192

Type  : Slow Model Hold 'clk_system'
Slack : -1.736
TNS   : -1.736

Type  : Slow Model Hold 'PLL|altpll_component|pll|clk[0]'
Slack : 0.391
TNS   : 0.000

Type  : Slow Model Hold 'bus_in_step_to_next_value'
Slack : 0.391
TNS   : 0.000

Type  : Slow Model Hold 'dds_ram_wrclock'
Slack : 0.445
TNS   : 0.000

Type  : Slow Model Minimum Pulse Width 'dds_ram_wrclock'
Slack : -1.880
TNS   : -902.400

Type  : Slow Model Minimum Pulse Width 'bus_in_step_to_next_value'
Slack : -1.222
TNS   : -11.222

Type  : Slow Model Minimum Pulse Width 'clk_system'
Slack : -0.500
TNS   : -56.000

Type  : Slow Model Minimum Pulse Width 'PLL|altpll_component|pll|clk[0]'
Slack : 4.000
TNS   : 0.000

Type  : Slow Model Minimum Pulse Width 'clk_25'
Slack : 17.620
TNS   : 0.000

Type  : Fast Model Setup 'dds_ram_wrclock'
Slack : -1.457
TNS   : -25.749

Type  : Fast Model Setup 'clk_system'
Slack : -0.625
TNS   : -11.357

Type  : Fast Model Setup 'clk_25'
Slack : -0.306
TNS   : -25.500

Type  : Fast Model Setup 'bus_in_step_to_next_value'
Slack : 0.064
TNS   : 0.000

Type  : Fast Model Setup 'PLL|altpll_component|pll|clk[0]'
Slack : 0.897
TNS   : 0.000

Type  : Fast Model Hold 'clk_25'
Slack : -1.332
TNS   : -1.332

Type  : Fast Model Hold 'clk_system'
Slack : -1.078
TNS   : -1.078

Type  : Fast Model Hold 'PLL|altpll_component|pll|clk[0]'
Slack : 0.215
TNS   : 0.000

Type  : Fast Model Hold 'bus_in_step_to_next_value'
Slack : 0.215
TNS   : 0.000

Type  : Fast Model Hold 'dds_ram_wrclock'
Slack : 0.427
TNS   : 0.000

Type  : Fast Model Minimum Pulse Width 'dds_ram_wrclock'
Slack : -1.880
TNS   : -902.400

Type  : Fast Model Minimum Pulse Width 'bus_in_step_to_next_value'
Slack : -1.222
TNS   : -11.222

Type  : Fast Model Minimum Pulse Width 'clk_system'
Slack : -0.500
TNS   : -56.000

Type  : Fast Model Minimum Pulse Width 'PLL|altpll_component|pll|clk[0]'
Slack : 4.000
TNS   : 0.000

Type  : Fast Model Minimum Pulse Width 'clk_25'
Slack : 17.620
TNS   : 0.000

------------------------------------------------------------
